[     397ms] [ERROR] Failed to load resource: net::ERR_BLOCKED_BY_CLIENT @ https://www.google.com/gen_204?s=webhp&t=aft&atyp=csi&ei=JTjgae-2IYjB0PEPvvDW8As&rt=wsrt.223,hst.62,prt.141,aft.141&folr=_JTjgae-2IYjB0PEPvvDW8As_7&imn=11&dtc=173&stc=25&ima=0&imad=0&imac=1&wh=930&nt=navigate&dt=&ts=16404&nhp=h3&ant=push&opi=89978449:0
[     549ms] [ERROR] Failed to load resource: net::ERR_BLOCKED_BY_CLIENT @ https://www.google.com/gen_204?atyp=csi&ei=JTjgae-2IYjB0PEPvvDW8As&s=webhp&t=all&folr=_JTjgae-2IYjB0PEPvvDW8As_7&imn=11&dtc=173&stc=25&ima=0&imad=0&imac=1&wh=930&nt=navigate&dt=&ts=16404&nhp=h3&ant=push&cls=0&tbdba=0&tbdaa=0&thdba=0&thdaa=0&ime=0&imeh=0&imeha=0&imehb=0&imea=0&imeb=0&imel=0&imed=0&imeeb=0&imexb=0&scp=0&cb=16104&ucb=200566&lts=16404&adh=&mem=ujhs.17,tjhs.23,jhsl.4295,dm.32&nv=ne.1,feid.b45b5433-03cf-46ce-952f-2569cb5a5e99&net=dl.4850,ect.4g,rtt.100,sd.0&hp=&p=bs.true&rt=hst.62,prt.141,aft.141,xjses.195,xjsee.260,xjs.260,wsrt.223,cst.15,dnst.3,rqst.153,rspt.22,sslt.15,rqstt.92,unt.77,cstt.91,dit.369&zx=1776302113758&opi=89978449:0
[     572ms] [ERROR] Failed to load resource: net::ERR_BLOCKED_BY_CLIENT @ https://www.google.com/client_204?atyp=i&biw=1640&bih=889&dpr=1.5&mtp=10&ei=JTjgae-2IYjB0PEPvvDW8As&opi=89978449:0
[     576ms] [ERROR] Failed to load resource: net::ERR_BLOCKED_BY_CLIENT @ https://www.google.com/gen_204?s=async&astyp=hpba&t=all&atyp=csi&ei=JTjgacLpMYHj0PEPooWe-Ak&rt=ipf.7,ipfr.158,ttfb.158,st.158,ipfrl.159,acrt.159,aaft.159,art.159,ns.-354&twt=1&mwt=1&imn=0&ima=0&cb=114&ucb=104&folid=_JTjgae-2IYjB0PEPvvDW8As_7:0
[     628ms] [ERROR] Failed to load resource: net::ERR_BLOCKED_BY_CLIENT @ https://www.google.com/gen_204?atyp=csi&ei=JTjgae-2IYjB0PEPvvDW8As&s=promo&rt=hpbas.363&zx=1776302113861&opi=89978449:0
[     628ms] [ERROR] Failed to load resource: net::ERR_BLOCKED_BY_CLIENT @ https://www.google.com/gen_204?atyp=csi&ei=JTjgae-2IYjB0PEPvvDW8As&s=promo&rt=hpbas.363,hpbarr.1&zx=1776302113862&opi=89978449:0
[     700ms] [ERROR] Failed to load resource: net::ERR_BLOCKED_BY_CLIENT @ https://www.google.com/gen_204?atyp=i&ct=psnt&cad=&nt=navigate&ei=JTjgae-2IYjB0PEPvvDW8As&zx=1776302113901&opi=89978449:0
[     713ms] [ERROR] Failed to load resource: net::ERR_BLOCKED_BY_CLIENT @ https://www.google.com/gen_204?atyp=i&ei=JTjgae-2IYjB0PEPvvDW8As&dt19=2&prm23=0&zx=1776302113934&opi=89978449:0
[     735ms] [ERROR] Failed to load resource: net::ERR_BLOCKED_BY_CLIENT @ https://www.google.com/gen_204?atyp=i&ei=JTjgae-2IYjB0PEPvvDW8As&vet=10ahUKEwiv3euFmfGTAxWIIDQIHT64Fb4QuqMJCDI..s&bl=vZni&s=webhp&lpl=CAUYATATOANiBhDgl9fGAg&zx=1776302113963&opi=89978449:0
[     749ms] [ERROR] Failed to load resource: net::ERR_BLOCKED_BY_CLIENT @ https://www.google.com/generate_204?MhKOAQ:0
[     881ms] [ERROR] Failed to load resource: net::ERR_BLOCKED_BY_CLIENT @ https://play.google.com/log?format=json&hasfast=true&authuser=0:0
[     882ms] [ERROR] Failed to load resource: net::ERR_BLOCKED_BY_CLIENT @ https://play.google.com/log?hasfast=true&auth=SAPISIDHASH+266e86e439aae2cafe3414d578d9b999d532efdc+SAPISID1PHASH+266e86e439aae2cafe3414d578d9b999d532efdc+SAPISID3PHASH+266e86e439aae2cafe3414d578d9b999d532efdc&authuser=0&format=json:0
[     882ms] [ERROR] Failed to load resource: net::ERR_BLOCKED_BY_CLIENT @ https://play.google.com/log?hasfast=true&auth=SAPISIDHASH+266e86e439aae2cafe3414d578d9b999d532efdc+SAPISID1PHASH+266e86e439aae2cafe3414d578d9b999d532efdc+SAPISID3PHASH+266e86e439aae2cafe3414d578d9b999d532efdc&authuser=0&format=json:0
[    1442ms] [ERROR] Failed to load resource: net::ERR_BLOCKED_BY_CLIENT @ https://play.google.com/log?format=json&hasfast=true&authuser=0:0
[    3294ms] [ERROR] Failed to load resource: net::ERR_BLOCKED_BY_CLIENT @ https://play.google.com/log?format=json&hasfast=true&authuser=0:0
[    7335ms] [ERROR] Failed to load resource: net::ERR_BLOCKED_BY_CLIENT @ https://play.google.com/log?format=json&hasfast=true&authuser=0:0
[   15709ms] [ERROR] Failed to load resource: net::ERR_BLOCKED_BY_CLIENT @ https://play.google.com/log?format=json&hasfast=true&authuser=0:0
[   32865ms] [ERROR] Failed to load resource: net::ERR_BLOCKED_BY_CLIENT @ https://play.google.com/log?format=json&hasfast=true&authuser=0:0
[   33298ms] [ERROR] Failed to load resource: net::ERR_BLOCKED_BY_CLIENT @ https://play.google.com/log?hasfast=true&auth=SAPISIDHASH+266e86e439aae2cafe3414d578d9b999d532efdc+SAPISID1PHASH+266e86e439aae2cafe3414d578d9b999d532efdc+SAPISID3PHASH+266e86e439aae2cafe3414d578d9b999d532efdc&authuser=0&format=json:0
[   34746ms] [ERROR] Failed to load resource: net::ERR_BLOCKED_BY_CLIENT @ https://play.google.com/log?hasfast=true&auth=SAPISIDHASH+14f3b980baba733097eb21e0a0489adbb6d98475+SAPISID1PHASH+14f3b980baba733097eb21e0a0489adbb6d98475+SAPISID3PHASH+14f3b980baba733097eb21e0a0489adbb6d98475&authuser=0&format=json:0
[   61316ms] [ERROR] Failed to load resource: net::ERR_BLOCKED_BY_CLIENT @ https://www.google.com/gen_204?atyp=csi&ei=JTjgae-2IYjB0PEPvvDW8As&s=webhp&nt=navigate&t=fi&et=keydown&st=61278&fid=3&zx=1776302174559&opi=89978449:0
[   67641ms] [ERROR] Failed to load resource: net::ERR_BLOCKED_BY_CLIENT @ https://play.google.com/log?format=json&hasfast=true&authuser=0:0
[  133597ms] [ERROR] Failed to load resource: net::ERR_BLOCKED_BY_CLIENT @ https://play.google.com/log?format=json&hasfast=true&authuser=0:0
