[     143ms] [INFO] Images loaded lazily and replaced with placeholders. Load events are deferred. See https://go.microsoft.com/fwlink/?linkid=2048113 @ https://en.wikipedia.org/wiki/Main_Page:859
[    5393ms] [ERROR] Failed to load resource: net::ERR_BLOCKED_BY_CLIENT @ https://en.wikipedia.org/ins-502b/v2/events?hasty=true:0
[   63232ms] [INFO] Images loaded lazily and replaced with placeholders. Load events are deferred. See https://go.microsoft.com/fwlink/?linkid=2048113 @ https://en.wikipedia.org/wiki/Main_Page:954
[   68400ms] [ERROR] Failed to load resource: net::ERR_BLOCKED_BY_CLIENT @ https://en.wikipedia.org/ins-502b/v2/events?hasty=true:0
[   90268ms] [INFO] Images loaded lazily and replaced with placeholders. Load events are deferred. See https://go.microsoft.com/fwlink/?linkid=2048113 @ https://en.wikipedia.org/wiki/Special:RecentChanges:597
[   63232ms] [INFO] Images loaded lazily and replaced with placeholders. Load events are deferred. See https://go.microsoft.com/fwlink/?linkid=2048113 @ https://en.wikipedia.org/wiki/Main_Page:954
[   68400ms] [ERROR] Failed to load resource: net::ERR_BLOCKED_BY_CLIENT @ https://en.wikipedia.org/ins-502b/v2/events?hasty=true:0
[  102053ms] [ERROR] Failed to load resource: net::ERR_BLOCKED_BY_CLIENT @ https://en.wikipedia.org/ins-502b/v2/events?hasty=true:0
[  100136ms] [ERROR] Failed to load resource: net::ERR_BLOCKED_BY_CLIENT @ https://en.wikipedia.org/ins-502b/v2/events?hasty=true:0
[   63232ms] [INFO] Images loaded lazily and replaced with placeholders. Load events are deferred. See https://go.microsoft.com/fwlink/?linkid=2048113 @ https://en.wikipedia.org/wiki/Main_Page:954
[   68400ms] [ERROR] Failed to load resource: net::ERR_BLOCKED_BY_CLIENT @ https://en.wikipedia.org/ins-502b/v2/events?hasty=true:0
[   63232ms] [INFO] Images loaded lazily and replaced with placeholders. Load events are deferred. See https://go.microsoft.com/fwlink/?linkid=2048113 @ https://en.wikipedia.org/wiki/Main_Page:954
[   68400ms] [ERROR] Failed to load resource: net::ERR_BLOCKED_BY_CLIENT @ https://en.wikipedia.org/ins-502b/v2/events?hasty=true:0
[  137033ms] [WARNING] This page is using the deprecated ResourceLoader module "moment".
[1.44] Use mediawiki.DateFormatter or native Intl function instead. See https://phabricator.wikimedia.org/T146798 @ https://en.wikipedia.org/w/load.php?lang=en&modules=startup&only=scripts&raw=1&skin=vector-2022:11
[   63232ms] [INFO] Images loaded lazily and replaced with placeholders. Load events are deferred. See https://go.microsoft.com/fwlink/?linkid=2048113 @ https://en.wikipedia.org/wiki/Main_Page:954
[   68400ms] [ERROR] Failed to load resource: net::ERR_BLOCKED_BY_CLIENT @ https://en.wikipedia.org/ins-502b/v2/events?hasty=true:0
[   63232ms] [INFO] Images loaded lazily and replaced with placeholders. Load events are deferred. See https://go.microsoft.com/fwlink/?linkid=2048113 @ https://en.wikipedia.org/wiki/Main_Page:954
[   68400ms] [ERROR] Failed to load resource: net::ERR_BLOCKED_BY_CLIENT @ https://en.wikipedia.org/ins-502b/v2/events?hasty=true:0
[  161045ms] [ERROR] Failed to load resource: net::ERR_BLOCKED_BY_CLIENT @ https://www.google.com/gen_204?s=webhp&t=aft&atyp=csi&ei=MWjeab-SH7j10PEPofnQmQw&rt=wsrt.282,hst.74,prt.184,aft.184&ddl=1&folr=_MWjeab-SH7j10PEPofnQmQw_9&imn=12&dtc=180&stc=26&ima=0&imad=0&imac=2&wh=1227&nt=navigate&dt=&ts=19199&nhp=h3&ant=push&opi=89978449:0
[  161184ms] [ERROR] Failed to load resource: net::ERR_BLOCKED_BY_CLIENT @ https://www.google.com/gen_204?atyp=csi&ei=MWjeab-SH7j10PEPofnQmQw&s=webhp&t=all&ddl=1&folr=_MWjeab-SH7j10PEPofnQmQw_9&imn=12&dtc=180&stc=26&ima=0&imad=0&imac=2&wh=1227&nt=navigate&dt=&ts=19199&nhp=h3&ant=push&tbdba=0&tbdaa=0&thdba=0&thdaa=0&ime=1&imeh=0&imeha=0&imehb=0&imea=0&imeb=0&imel=0&imed=0&imeeb=0&imexb=0&scp=0&cb=18899&ucb=205461&lts=19199&adh=&mem=ujhs.16,tjhs.19,jhsl.4295,dm.8&nv=ne.1,feid.b72f4130-f6c7-432c-a66e-e5428fc70043&net=dl.5350,ect.4g,rtt.50,sd.0&hp=&p=bs.true&rt=hst.74,prt.184,aft.184,xjses.220,xjsee.290,xjs.290,wsrt.282,cst.0,dnst.0,rqst.145,rspt.35,rqstt.172,unt.168,cstt.168,dit.479&zx=1776183346757&opi=89978449:0
[  161202ms] [ERROR] Failed to load resource: net::ERR_BLOCKED_BY_CLIENT @ https://www.google.com/client_204?atyp=i&biw=2150&bih=1227&dpr=1.5&mtp=10&ei=MWjeab-SH7j10PEPofnQmQw&opi=89978449:0
[  161203ms] [ERROR] Failed to load resource: net::ERR_BLOCKED_BY_CLIENT @ https://www.google.com/gen_204?s=async&astyp=hpba&t=all&atyp=csi&ei=MWjeaY_3MMax0PEPsKX5yAY&rt=ipf.6,ipfr.134,ttfb.134,st.134,aaft.134,aafct.134,ipfrl.135,acrt.135,art.143,ns.-455&twt=1&mwt=1&lvhr=1&imn=0&ima=0&cb=1069&ucb=2397&folid=_MWjeab-SH7j10PEPofnQmQw_9:0
[  161267ms] [ERROR] Failed to load resource: net::ERR_BLOCKED_BY_CLIENT @ https://www.google.com/gen_204?atyp=csi&ei=MWjeab-SH7j10PEPofnQmQw&s=promo&rt=hpbas.404&zx=1776183346869&opi=89978449:0
[  161267ms] [ERROR] Failed to load resource: net::ERR_BLOCKED_BY_CLIENT @ https://www.google.com/gen_204?atyp=csi&ei=MWjeab-SH7j10PEPofnQmQw&s=promo&rt=hpbas.404,hpbarr.1&zx=1776183346870&opi=89978449:0
[  161293ms] [ERROR] Failed to load resource: net::ERR_BLOCKED_BY_CLIENT @ https://www.google.com/gen_204?atyp=i&ct=psnt&cad=&nt=navigate&ei=MWjeab-SH7j10PEPofnQmQw&zx=1776183346895&opi=89978449:0
[  161341ms] [ERROR] Failed to load resource: net::ERR_BLOCKED_BY_CLIENT @ https://www.google.com/gen_204?atyp=i&ei=MWjeab-SH7j10PEPofnQmQw&dt19=2&prm23=0&zx=1776183346939&opi=89978449:0
[  161379ms] [ERROR] Failed to load resource: net::ERR_BLOCKED_BY_CLIENT @ https://www.google.com/gen_204?atyp=i&ei=MWjeab-SH7j10PEPofnQmQw&vet=10ahUKEwj_7vXK3u2TAxW4OjQIHaE8NMMQuqMJCEQ..s&bl=N6yk&s=webhp&lpl=CAUYATAMOANiBhD_4ZXzAg&zx=1776183346961&opi=89978449:0
[  161565ms] [ERROR] Failed to load resource: net::ERR_BLOCKED_BY_CLIENT @ https://www.google.com/generate_204?MSqDQg:0
[  161619ms] [ERROR] Failed to load resource: net::ERR_BLOCKED_BY_CLIENT @ https://play.google.com/log?hasfast=true&auth=SAPISIDHASH+266e86e439aae2cafe3414d578d9b999d532efdc+SAPISID1PHASH+266e86e439aae2cafe3414d578d9b999d532efdc+SAPISID3PHASH+266e86e439aae2cafe3414d578d9b999d532efdc&authuser=0&format=json:0
[  161619ms] [ERROR] Failed to load resource: net::ERR_BLOCKED_BY_CLIENT @ https://play.google.com/log?hasfast=true&auth=SAPISIDHASH+266e86e439aae2cafe3414d578d9b999d532efdc+SAPISID1PHASH+266e86e439aae2cafe3414d578d9b999d532efdc+SAPISID3PHASH+266e86e439aae2cafe3414d578d9b999d532efdc&authuser=0&format=json:0
[  161621ms] [ERROR] Failed to load resource: net::ERR_BLOCKED_BY_CLIENT @ https://play.google.com/log?format=json&hasfast=true&authuser=0:0
[  161653ms] [ERROR] Failed to load resource: net::ERR_BLOCKED_BY_CLIENT @ https://www.google.com/gen_204?atyp=csi&ei=MWjeab-SH7j10PEPofnQmQw&s=webhp&nt=navigate&t=fi&et=keydown&st=1069&fid=0&zx=1776183347258&opi=89978449:0
[  162210ms] [ERROR] Failed to load resource: net::ERR_BLOCKED_BY_CLIENT @ https://play.google.com/log?format=json&hasfast=true&authuser=0:0
[  164266ms] [ERROR] Failed to load resource: net::ERR_BLOCKED_BY_CLIENT @ https://play.google.com/log?format=json&hasfast=true&authuser=0:0
[  168285ms] [ERROR] Failed to load resource: net::ERR_BLOCKED_BY_CLIENT @ https://play.google.com/log?format=json&hasfast=true&authuser=0:0
[  176032ms] [ERROR] Failed to load resource: net::ERR_BLOCKED_BY_CLIENT @ https://play.google.com/log?format=json&hasfast=true&authuser=0:0
[  182945ms] [ERROR] Failed to load resource: net::ERR_BLOCKED_BY_CLIENT @ https://www.google.com/gen_204?atyp=i&ei=MWjeab-SH7j10PEPofnQmQw&ct=slh&v=t1&im=M&m=VH&pv=0.7999361748857862&me=1:1776183346648,V,0,0,2150,1227:0,B,1227:0,N,1,MWjeab-SH7j10PEPofnQmQw:0,R,1,1,0,0,2150,1227:0,R,1,15,825,333,500,17:0,R,1,17,1325,302,48,48:0,R,1,CAEQAA,0,535,2150,17:293,x:20634,h,1,1,i:625,h,1,15,i:347,G,1,15,199,-46,1:0,c,1024,287:4,h,1,15,o:0,h,1,1,o:1,e,C&zx=1776183368553&opi=89978449:0
[  191669ms] [ERROR] Failed to load resource: net::ERR_BLOCKED_BY_CLIENT @ https://play.google.com/log?format=json&hasfast=true&authuser=0:0
[  192241ms] [ERROR] Failed to load resource: net::ERR_BLOCKED_BY_CLIENT @ https://play.google.com/log?hasfast=true&auth=SAPISIDHASH+266e86e439aae2cafe3414d578d9b999d532efdc+SAPISID1PHASH+266e86e439aae2cafe3414d578d9b999d532efdc+SAPISID3PHASH+266e86e439aae2cafe3414d578d9b999d532efdc&authuser=0&format=json:0
[  195546ms] [ERROR] Failed to load resource: net::ERR_BLOCKED_BY_CLIENT @ https://play.google.com/log?hasfast=true&auth=SAPISIDHASH+14f3b980baba733097eb21e0a0489adbb6d98475+SAPISID1PHASH+14f3b980baba733097eb21e0a0489adbb6d98475+SAPISID3PHASH+14f3b980baba733097eb21e0a0489adbb6d98475&authuser=0&format=json:0
[  203042ms] [ERROR] Failed to load resource: net::ERR_BLOCKED_BY_CLIENT @ https://www.google.com/gen_204?s=webhp&t=aft&atyp=csi&ei=W2jeaaKoG7So0PEPwqON6As&rt=wsrt.153,hst.51,prt.63,aft.63&ddl=1&folr=_W2jeaaKoG7So0PEPwqON6As_9&imn=12&dtc=180&stc=26&ima=0&imad=0&imac=2&wh=1227&r=1&nt=reload&dt=&ts=19242&nhp=h3&ant=reload&opi=89978449:0
[  203056ms] [ERROR] Failed to load resource: net::ERR_BLOCKED_BY_CLIENT @ https://www.google.com/gen_204?atyp=csi&r=1&ei=W2jeaaKoG7So0PEPwqON6As&s=webhp&t=all&ddl=1&folr=_W2jeaaKoG7So0PEPwqON6As_9&imn=12&dtc=180&stc=26&ima=0&imad=0&imac=2&wh=1227&nt=reload&dt=&ts=19242&nhp=h3&ant=reload&tbdba=0&tbdaa=0&thdba=0&thdaa=0&ime=1&imeh=0&imeha=0&imehb=0&imea=0&imeb=0&imel=0&imed=0&imeeb=0&imexb=0&scp=0&cb=18942&ucb=205565&lts=19242&adh=&mem=ujhs.44,tjhs.48,jhsl.4295,dm.8&nv=ne.1,feid.9fc32a17-3c2a-4128-bfdb-302d41b2bec0&net=dl.10000,ect.4g,rtt.50,sd.0&hp=&p=bs.true&rt=hst.51,prt.63,aft.63,xjses.149,xjsee.218,xjs.218,wsrt.153,cst.34,dnst.0,rqst.158,rspt.21,sslt.34,rqstt.16,unt.4,ppunt.0,cstt.15,dit.253&zx=1776183388622&opi=89978449:0
[  203059ms] [ERROR] Failed to load resource: net::ERR_BLOCKED_BY_CLIENT @ https://www.google.com/client_204?atyp=i&biw=2150&bih=1234&dpr=1.5&mtp=10&ei=W2jeaaKoG7So0PEPwqON6As&opi=89978449:0
[  203099ms] [ERROR] Failed to load resource: net::ERR_BLOCKED_BY_CLIENT @ https://www.google.com/gen_204?s=async&astyp=hpba&t=all&atyp=csi&ei=W2jeaeL0KKiw0PEP8uLvmAs&rt=ipf.3,ipfr.192,ttfb.192,st.192,aaft.192,aafct.192,ipfrl.193,acrt.193,art.194,ns.-211&twt=1&mwt=1&lvhr=1&imn=0&ima=0&cb=1078&ucb=2397&folid=_W2jeaaKoG7So0PEPwqON6As_9:0
[  203162ms] [ERROR] Failed to load resource: net::ERR_BLOCKED_BY_CLIENT @ https://www.google.com/gen_204?atyp=csi&r=1&ei=W2jeaaKoG7So0PEPwqON6As&s=promo&rt=hpbas.348&zx=1776183388751&opi=89978449:0
[  203170ms] [ERROR] Failed to load resource: net::ERR_BLOCKED_BY_CLIENT @ https://www.google.com/gen_204?atyp=csi&r=1&ei=W2jeaaKoG7So0PEPwqON6As&s=promo&rt=hpbas.348,hpbarr.2&zx=1776183388753&opi=89978449:0
[  203198ms] [ERROR] Failed to load resource: net::ERR_BLOCKED_BY_CLIENT @ https://www.google.com/generate_204?9vjPvA:0
[  203221ms] [ERROR] Failed to load resource: net::ERR_BLOCKED_BY_CLIENT @ https://play.google.com/log?hasfast=true&auth=SAPISIDHASH+266e86e439aae2cafe3414d578d9b999d532efdc+SAPISID1PHASH+266e86e439aae2cafe3414d578d9b999d532efdc+SAPISID3PHASH+266e86e439aae2cafe3414d578d9b999d532efdc&authuser=0&format=json:0
[  203221ms] [ERROR] Failed to load resource: net::ERR_BLOCKED_BY_CLIENT @ https://play.google.com/log?format=json&hasfast=true&authuser=0:0
[  203222ms] [ERROR] Failed to load resource: net::ERR_BLOCKED_BY_CLIENT @ https://play.google.com/log?hasfast=true&auth=SAPISIDHASH+266e86e439aae2cafe3414d578d9b999d532efdc+SAPISID1PHASH+266e86e439aae2cafe3414d578d9b999d532efdc+SAPISID3PHASH+266e86e439aae2cafe3414d578d9b999d532efdc&authuser=0&format=json:0
[  203341ms] [ERROR] Failed to load resource: net::ERR_BLOCKED_BY_CLIENT @ https://www.google.com/gen_204?atyp=i&ct=psnt&cad=&nt=reload&ei=W2jeaaKoG7So0PEPwqON6As&zx=1776183388903&opi=89978449:0
[  203344ms] [ERROR] Failed to load resource: net::ERR_BLOCKED_BY_CLIENT @ https://www.google.com/gen_204?atyp=i&r=1&ei=W2jeaaKoG7So0PEPwqON6As&dt19=2&prm23=0&zx=1776183388938&opi=89978449:0
[  203367ms] [ERROR] Failed to load resource: net::ERR_BLOCKED_BY_CLIENT @ https://www.google.com/gen_204?atyp=i&r=1&ei=W2jeaaKoG7So0PEPwqON6As&vet=10ahUKEwjiwfXe3u2TAxU0FDQIHcJRA70QuqMJCEQ..s&bl=N6yk&s=webhp&lpl=CAUYATAPOANiBhCA8szRAg&zx=1776183388958&opi=89978449:0
[  203640ms] [ERROR] Failed to load resource: net::ERR_BLOCKED_BY_CLIENT @ https://www.google.com/gen_204?atyp=csi&r=1&ei=W2jeaaKoG7So0PEPwqON6As&s=webhp&nt=reload&t=fi&et=keydown&st=955&fid=0&zx=1776183389233&opi=89978449:0
[  203875ms] [ERROR] Failed to load resource: net::ERR_BLOCKED_BY_CLIENT @ https://play.google.com/log?format=json&hasfast=true&authuser=0:0
[  206068ms] [ERROR] Failed to load resource: net::ERR_BLOCKED_BY_CLIENT @ https://play.google.com/log?format=json&hasfast=true&authuser=0:0
[  209834ms] [ERROR] Failed to load resource: net::ERR_BLOCKED_BY_CLIENT @ https://play.google.com/log?format=json&hasfast=true&authuser=0:0
[  217118ms] [ERROR] Failed to load resource: net::ERR_BLOCKED_BY_CLIENT @ https://play.google.com/log?format=json&hasfast=true&authuser=0:0
[  231799ms] [ERROR] Failed to load resource: net::ERR_BLOCKED_BY_CLIENT @ https://play.google.com/log?format=json&hasfast=true&authuser=0:0
[  237169ms] [ERROR] Failed to load resource: net::ERR_BLOCKED_BY_CLIENT @ https://play.google.com/log?hasfast=true&auth=SAPISIDHASH+14f3b980baba733097eb21e0a0489adbb6d98475+SAPISID1PHASH+14f3b980baba733097eb21e0a0489adbb6d98475+SAPISID3PHASH+14f3b980baba733097eb21e0a0489adbb6d98475&authuser=0&format=json:0
[  262975ms] [ERROR] Failed to load resource: net::ERR_BLOCKED_BY_CLIENT @ https://play.google.com/log?format=json&hasfast=true&authuser=0:0
[  328126ms] [ERROR] Failed to load resource: net::ERR_BLOCKED_BY_CLIENT @ https://play.google.com/log?format=json&hasfast=true&authuser=0:0
[  444525ms] [ERROR] Failed to load resource: net::ERR_BLOCKED_BY_CLIENT @ https://play.google.com/log?format=json&hasfast=true&authuser=0:0
[  503228ms] [ERROR] Failed to load resource: net::ERR_BLOCKED_BY_CLIENT @ https://play.google.com/log?format=json&hasfast=true&authuser=0:0
[  503228ms] [ERROR] Failed to load resource: net::ERR_BLOCKED_BY_CLIENT @ https://play.google.com/log?hasfast=true&auth=SAPISIDHASH+266e86e439aae2cafe3414d578d9b999d532efdc+SAPISID1PHASH+266e86e439aae2cafe3414d578d9b999d532efdc+SAPISID3PHASH+266e86e439aae2cafe3414d578d9b999d532efdc&authuser=0&format=json:0
[  681974ms] [ERROR] Failed to load resource: net::ERR_BLOCKED_BY_CLIENT @ https://play.google.com/log?format=json&hasfast=true&authuser=0:0
[  802878ms] [ERROR] Failed to load resource: net::ERR_BLOCKED_BY_CLIENT @ https://play.google.com/log?format=json&hasfast=true&authuser=0:0
[  803238ms] [ERROR] Failed to load resource: net::ERR_BLOCKED_BY_CLIENT @ https://play.google.com/log?hasfast=true&auth=SAPISIDHASH+266e86e439aae2cafe3414d578d9b999d532efdc+SAPISID1PHASH+266e86e439aae2cafe3414d578d9b999d532efdc+SAPISID3PHASH+266e86e439aae2cafe3414d578d9b999d532efdc&authuser=0&format=json:0
[  803238ms] [ERROR] Failed to load resource: net::ERR_BLOCKED_BY_CLIENT @ https://play.google.com/log?format=json&hasfast=true&authuser=0:0
[ 1082756ms] [ERROR] Failed to load resource: net::ERR_BLOCKED_BY_CLIENT @ https://play.google.com/log?format=json&hasfast=true&authuser=0:0
[ 1103253ms] [ERROR] Failed to load resource: net::ERR_BLOCKED_BY_CLIENT @ https://play.google.com/log?hasfast=true&auth=SAPISIDHASH+266e86e439aae2cafe3414d578d9b999d532efdc+SAPISID1PHASH+266e86e439aae2cafe3414d578d9b999d532efdc+SAPISID3PHASH+266e86e439aae2cafe3414d578d9b999d532efdc&authuser=0&format=json:0
[ 1103253ms] [ERROR] Failed to load resource: net::ERR_BLOCKED_BY_CLIENT @ https://play.google.com/log?format=json&hasfast=true&authuser=0:0
[ 1379774ms] [ERROR] Failed to load resource: net::ERR_BLOCKED_BY_CLIENT @ https://play.google.com/log?format=json&hasfast=true&authuser=0:0
[ 1402891ms] [ERROR] Failed to load resource: net::ERR_BLOCKED_BY_CLIENT @ https://play.google.com/log?format=json&hasfast=true&authuser=0:0
[ 1403261ms] [ERROR] Failed to load resource: net::ERR_BLOCKED_BY_CLIENT @ https://play.google.com/log?format=json&hasfast=true&authuser=0:0
[ 1403261ms] [ERROR] Failed to load resource: net::ERR_BLOCKED_BY_CLIENT @ https://play.google.com/log?hasfast=true&auth=SAPISIDHASH+266e86e439aae2cafe3414d578d9b999d532efdc+SAPISID1PHASH+266e86e439aae2cafe3414d578d9b999d532efdc+SAPISID3PHASH+266e86e439aae2cafe3414d578d9b999d532efdc&authuser=0&format=json:0
[ 1702897ms] [ERROR] Failed to load resource: net::ERR_BLOCKED_BY_CLIENT @ https://play.google.com/log?format=json&hasfast=true&authuser=0:0
[ 1703270ms] [ERROR] Failed to load resource: net::ERR_BLOCKED_BY_CLIENT @ https://play.google.com/log?format=json&hasfast=true&authuser=0:0
[ 1703270ms] [ERROR] Failed to load resource: net::ERR_BLOCKED_BY_CLIENT @ https://play.google.com/log?hasfast=true&auth=SAPISIDHASH+266e86e439aae2cafe3414d578d9b999d532efdc+SAPISID1PHASH+266e86e439aae2cafe3414d578d9b999d532efdc+SAPISID3PHASH+266e86e439aae2cafe3414d578d9b999d532efdc&authuser=0&format=json:0
[ 1739618ms] [ERROR] Failed to load resource: net::ERR_BLOCKED_BY_CLIENT @ https://play.google.com/log?hasfast=true&auth=SAPISIDHASH+266e86e439aae2cafe3414d578d9b999d532efdc+SAPISID1PHASH+266e86e439aae2cafe3414d578d9b999d532efdc+SAPISID3PHASH+266e86e439aae2cafe3414d578d9b999d532efdc&authuser=0&format=json:0
[ 2002905ms] [ERROR] Failed to load resource: net::ERR_BLOCKED_BY_CLIENT @ https://play.google.com/log?format=json&hasfast=true&authuser=0:0
[ 2003285ms] [ERROR] Failed to load resource: net::ERR_BLOCKED_BY_CLIENT @ https://play.google.com/log?format=json&hasfast=true&authuser=0:0
[ 2003290ms] [ERROR] Failed to load resource: net::ERR_BLOCKED_BY_CLIENT @ https://play.google.com/log?hasfast=true&auth=SAPISIDHASH+266e86e439aae2cafe3414d578d9b999d532efdc+SAPISID1PHASH+266e86e439aae2cafe3414d578d9b999d532efdc+SAPISID3PHASH+266e86e439aae2cafe3414d578d9b999d532efdc&authuser=0&format=json:0
[ 2302914ms] [ERROR] Failed to load resource: net::ERR_BLOCKED_BY_CLIENT @ https://play.google.com/log?format=json&hasfast=true&authuser=0:0
[ 2303308ms] [ERROR] Failed to load resource: net::ERR_BLOCKED_BY_CLIENT @ https://play.google.com/log?format=json&hasfast=true&authuser=0:0
[ 2303308ms] [ERROR] Failed to load resource: net::ERR_BLOCKED_BY_CLIENT @ https://play.google.com/log?hasfast=true&auth=SAPISIDHASH+266e86e439aae2cafe3414d578d9b999d532efdc+SAPISID1PHASH+266e86e439aae2cafe3414d578d9b999d532efdc+SAPISID3PHASH+266e86e439aae2cafe3414d578d9b999d532efdc&authuser=0&format=json:0
[ 2602907ms] [ERROR] Failed to load resource: net::ERR_BLOCKED_BY_CLIENT @ https://play.google.com/log?format=json&hasfast=true&authuser=0:0
[ 2603315ms] [ERROR] Failed to load resource: net::ERR_BLOCKED_BY_CLIENT @ https://play.google.com/log?format=json&hasfast=true&authuser=0:0
[ 2603316ms] [ERROR] Failed to load resource: net::ERR_BLOCKED_BY_CLIENT @ https://play.google.com/log?hasfast=true&auth=SAPISIDHASH+266e86e439aae2cafe3414d578d9b999d532efdc+SAPISID1PHASH+266e86e439aae2cafe3414d578d9b999d532efdc+SAPISID3PHASH+266e86e439aae2cafe3414d578d9b999d532efdc&authuser=0&format=json:0
